{
    "align sentieon": {
        "content": [
            {
                "0": [
                    [
                        {
                            "groupSize": 1,
                            "groupTarget": {
                                "id": "test",
                                "sample": "test",
                                "single_end": false,
                                "num_lanes": 1,
                                "read_group": "'@RG\\tID:test\\tPL:illumina\\tSM:test'"
                            }
                        },
                        "test_dedup.bam:md5,0dda7e8e144c07591f06330b07b36071"
                    ]
                ],
                "1": [
                    [
                        {
                            "groupSize": 1,
                            "groupTarget": {
                                "id": "test",
                                "sample": "test",
                                "single_end": false,
                                "num_lanes": 1,
                                "read_group": "'@RG\\tID:test\\tPL:illumina\\tSM:test'"
                            }
                        },
                        "test_dedup.bam.bai:md5,0458a0ef98b3a86ba28a2bcac628f7d4"
                    ]
                ],
                "2": [
                    [
                        {
                            "groupSize": 1,
                            "groupTarget": {
                                "id": "test",
                                "sample": "test",
                                "single_end": false,
                                "num_lanes": 1,
                                "read_group": "'@RG\\tID:test\\tPL:illumina\\tSM:test'"
                            }
                        },
                        "test_datametrics_mq_metrics.txt:md5,1ba9b952749ad4e5310598fe23c02085"
                    ]
                ],
                "3": [
                    [
                        {
                            "groupSize": 1,
                            "groupTarget": {
                                "id": "test",
                                "sample": "test",
                                "single_end": false,
                                "num_lanes": 1,
                                "read_group": "'@RG\\tID:test\\tPL:illumina\\tSM:test'"
                            }
                        },
                        "test_datametrics_qd_metrics.txt:md5,5294d174c6ffaaf47ceb02befbbffc40"
                    ]
                ],
                "4": [
                    [
                        {
                            "groupSize": 1,
                            "groupTarget": {
                                "id": "test",
                                "sample": "test",
                                "single_end": false,
                                "num_lanes": 1,
                                "read_group": "'@RG\\tID:test\\tPL:illumina\\tSM:test'"
                            }
                        },
                        "test_datametrics_gc_metrics.txt:md5,96c951444c7f5af19c60d5262e74fb1c"
                    ]
                ],
                "5": [
                    [
                        {
                            "groupSize": 1,
                            "groupTarget": {
                                "id": "test",
                                "sample": "test",
                                "single_end": false,
                                "num_lanes": 1,
                                "read_group": "'@RG\\tID:test\\tPL:illumina\\tSM:test'"
                            }
                        },
                        "test_datametrics_gc_summary.txt:md5,77045bf67dbc251523af0d5bf9b57dbf"
                    ]
                ],
                "6": [
                    [
                        {
                            "groupSize": 1,
                            "groupTarget": {
                                "id": "test",
                                "sample": "test",
                                "single_end": false,
                                "num_lanes": 1,
                                "read_group": "'@RG\\tID:test\\tPL:illumina\\tSM:test'"
                            }
                        },
                        "test_datametrics_aln_metrics.txt:md5,f4681d1f08b687f424af70772cfb597a"
                    ]
                ],
                "7": [
                    [
                        {
                            "groupSize": 1,
                            "groupTarget": {
                                "id": "test",
                                "sample": "test",
                                "single_end": false,
                                "num_lanes": 1,
                                "read_group": "'@RG\\tID:test\\tPL:illumina\\tSM:test'"
                            }
                        },
                        "test_datametrics_is_metrics.txt:md5,90bfb2b94b01074d93e6da1b69c4e494"
                    ]
                ],
                "8": [
                    "versions.yml:md5,01896e6794bd10730ddfe6872631bdde",
                    "versions.yml:md5,2b8ad96b3aa67e6563e8a05744db6174",
                    "versions.yml:md5,c0917d5569d12b01718342f7aac5cbbd"
                ],
                "aln_metrics": [
                    [
                        {
                            "groupSize": 1,
                            "groupTarget": {
                                "id": "test",
                                "sample": "test",
                                "single_end": false,
                                "num_lanes": 1,
                                "read_group": "'@RG\\tID:test\\tPL:illumina\\tSM:test'"
                            }
                        },
                        "test_datametrics_aln_metrics.txt:md5,f4681d1f08b687f424af70772cfb597a"
                    ]
                ],
                "gc_metrics": [
                    [
                        {
                            "groupSize": 1,
                            "groupTarget": {
                                "id": "test",
                                "sample": "test",
                                "single_end": false,
                                "num_lanes": 1,
                                "read_group": "'@RG\\tID:test\\tPL:illumina\\tSM:test'"
                            }
                        },
                        "test_datametrics_gc_metrics.txt:md5,96c951444c7f5af19c60d5262e74fb1c"
                    ]
                ],
                "gc_summary": [
                    [
                        {
                            "groupSize": 1,
                            "groupTarget": {
                                "id": "test",
                                "sample": "test",
                                "single_end": false,
                                "num_lanes": 1,
                                "read_group": "'@RG\\tID:test\\tPL:illumina\\tSM:test'"
                            }
                        },
                        "test_datametrics_gc_summary.txt:md5,77045bf67dbc251523af0d5bf9b57dbf"
                    ]
                ],
                "is_metrics": [
                    [
                        {
                            "groupSize": 1,
                            "groupTarget": {
                                "id": "test",
                                "sample": "test",
                                "single_end": false,
                                "num_lanes": 1,
                                "read_group": "'@RG\\tID:test\\tPL:illumina\\tSM:test'"
                            }
                        },
                        "test_datametrics_is_metrics.txt:md5,90bfb2b94b01074d93e6da1b69c4e494"
                    ]
                ],
                "marked_bai": [
                    [
                        {
                            "groupSize": 1,
                            "groupTarget": {
                                "id": "test",
                                "sample": "test",
                                "single_end": false,
                                "num_lanes": 1,
                                "read_group": "'@RG\\tID:test\\tPL:illumina\\tSM:test'"
                            }
                        },
                        "test_dedup.bam.bai:md5,0458a0ef98b3a86ba28a2bcac628f7d4"
                    ]
                ],
                "marked_bam": [
                    [
                        {
                            "groupSize": 1,
                            "groupTarget": {
                                "id": "test",
                                "sample": "test",
                                "single_end": false,
                                "num_lanes": 1,
                                "read_group": "'@RG\\tID:test\\tPL:illumina\\tSM:test'"
                            }
                        },
                        "test_dedup.bam:md5,0dda7e8e144c07591f06330b07b36071"
                    ]
                ],
                "mq_metrics": [
                    [
                        {
                            "groupSize": 1,
                            "groupTarget": {
                                "id": "test",
                                "sample": "test",
                                "single_end": false,
                                "num_lanes": 1,
                                "read_group": "'@RG\\tID:test\\tPL:illumina\\tSM:test'"
                            }
                        },
                        "test_datametrics_mq_metrics.txt:md5,1ba9b952749ad4e5310598fe23c02085"
                    ]
                ],
                "qd_metrics": [
                    [
                        {
                            "groupSize": 1,
                            "groupTarget": {
                                "id": "test",
                                "sample": "test",
                                "single_end": false,
                                "num_lanes": 1,
                                "read_group": "'@RG\\tID:test\\tPL:illumina\\tSM:test'"
                            }
                        },
                        "test_datametrics_qd_metrics.txt:md5,5294d174c6ffaaf47ceb02befbbffc40"
                    ]
                ],
                "versions": [
                    "versions.yml:md5,01896e6794bd10730ddfe6872631bdde",
                    "versions.yml:md5,2b8ad96b3aa67e6563e8a05744db6174",
                    "versions.yml:md5,c0917d5569d12b01718342f7aac5cbbd"
                ]
            }
        ],
        "meta": {
            "nf-test": "0.9.2",
            "nextflow": "24.10.5"
        },
        "timestamp": "2025-04-09T14:36:45.125659653"
    }
}