{
    "align bwamem2": {
        "content": [
            [
                [
                    {
                        "groupSize": 1,
                        "groupTarget": {
                            "id": "slowlycivilbuck",
                            "sample": "slowlycivilbuck",
                            "single_end": false,
                            "num_lanes": 1,
                            "read_group": "'@RG\\tID:slowlycivilbuck\\tPL:illumina\\tSM:slowlycivilbuck'",
                            "sex": 2,
                            "phenotype": 1,
                            "paternal": 0,
                            "maternal": 0,
                            "case_id": "justhusky"
                        }
                    },
                    "8aa7930105c6aa55f96e3719de968144",
                    "slowlycivilbuck_sorted_md.bam.bai:md5,b6c5d2736032f5e1cb190853ca366afe"
                ]
            ],
            [
                [
                    {
                        "groupSize": 1,
                        "groupTarget": {
                            "id": "slowlycivilbuck",
                            "sample": "slowlycivilbuck",
                            "single_end": false,
                            "num_lanes": 1,
                            "read_group": "'@RG\\tID:slowlycivilbuck\\tPL:illumina\\tSM:slowlycivilbuck'",
                            "sex": 2,
                            "phenotype": 1,
                            "paternal": 0,
                            "maternal": 0,
                            "case_id": "justhusky"
                        }
                    },
                    "a5d6892191a2c8c1f29966448623ca1b",
                    "slowlycivilbuck_sorted_merged_md_sorted.bam.bai:md5,35373ec0e388ae91025a4eec9897434e"
                ]
            ],
            [
                [
                    {
                        "groupSize": 1,
                        "groupTarget": {
                            "id": "slowlycivilbuck",
                            "sample": "slowlycivilbuck",
                            "single_end": false,
                            "num_lanes": 1,
                            "read_group": "'@RG\\tID:slowlycivilbuck\\tPL:illumina\\tSM:slowlycivilbuck'",
                            "sex": 2,
                            "phenotype": 1,
                            "paternal": 0,
                            "maternal": 0,
                            "case_id": "justhusky"
                        }
                    },
                    "427b5e476d84c5277d2d24210800ad60",
                    "slowlycivilbuck_sorted_merged_md_sorted_shifted.bam.bai:md5,6c663c5661749b25782ac78a3ba1f242"
                ]
            ],
            [
                "versions.yml:md5,04cb590a101237e8d8726039ee466819",
                "versions.yml:md5,210790d64830e81c512ff898e8d888db",
                "versions.yml:md5,3524532e0d268745c6d6c785bc7e734e",
                "versions.yml:md5,3cdf4ec614502fb38c2475c5475c3e0c",
                "versions.yml:md5,3efddfe43fdf9bf446e23d1526a3973a",
                "versions.yml:md5,6cbf152be76b9a14bb7eccb2658cabb3",
                "versions.yml:md5,6f9a56c7077343a78b6b2a9bb555631b",
                "versions.yml:md5,753dc9d8832a5f5a1e10237d78e157f2",
                "versions.yml:md5,7b799d18a80d6d144122cc97f83748c3",
                "versions.yml:md5,8191c0426b9e36d914ea3f63bf2428e9",
                "versions.yml:md5,81cee5ff00c008209a5c6fb06ac57de5",
                "versions.yml:md5,81cee5ff00c008209a5c6fb06ac57de5",
                "versions.yml:md5,81cee5ff00c008209a5c6fb06ac57de5",
                "versions.yml:md5,87e7da5e82b70b42f06b30a245a5750e",
                "versions.yml:md5,914929705542ec69faf26ad6c672e2af",
                "versions.yml:md5,9c218b25dd02dc279b1ce6fad9ae182b",
                "versions.yml:md5,b1c46403177c797d5fc304eebf16731c",
                "versions.yml:md5,b511e8fd8c8b46c5470d3e3e79673502",
                "versions.yml:md5,b9749a7d836c638ad5deb0f8b208c7ec",
                "versions.yml:md5,c31eb465488334212645bd43296d8bd7",
                "versions.yml:md5,d19b223e2ea8c907b23c9b301c15f3fb",
                "versions.yml:md5,e092f50493ce9a5725381d53e24519d0",
                "versions.yml:md5,e8fa9e5b444276ecb6b7af4cb7a86247",
                "versions.yml:md5,f8dd98ba8455bb8d00379fba39cc9e65"
            ]
        ],
        "meta": {
            "nf-test": "0.9.2",
            "nextflow": "24.10.6"
        },
        "timestamp": "2025-05-23T15:53:23.463213506"
    },
    "align bwameme": {
        "content": [
            [
                [
                    {
                        "groupSize": 1,
                        "groupTarget": {
                            "id": "slowlycivilbuck",
                            "sample": "slowlycivilbuck",
                            "single_end": false,
                            "num_lanes": 1,
                            "read_group": "'@RG\\tID:slowlycivilbuck\\tPL:illumina\\tSM:slowlycivilbuck'",
                            "sex": 2,
                            "phenotype": 1,
                            "paternal": 0,
                            "maternal": 0,
                            "case_id": "justhusky"
                        }
                    },
                    "b75a16ff1082ce42e9a9ac046b509181",
                    "slowlycivilbuck_sorted_md.bam.bai:md5,ff8eb902e42e6aeec775b9b412252ab6"
                ]
            ],
            [
                [
                    {
                        "groupSize": 1,
                        "groupTarget": {
                            "id": "slowlycivilbuck",
                            "sample": "slowlycivilbuck",
                            "single_end": false,
                            "num_lanes": 1,
                            "read_group": "'@RG\\tID:slowlycivilbuck\\tPL:illumina\\tSM:slowlycivilbuck'",
                            "sex": 2,
                            "phenotype": 1,
                            "paternal": 0,
                            "maternal": 0,
                            "case_id": "justhusky"
                        }
                    },
                    "a5d6892191a2c8c1f29966448623ca1b",
                    "slowlycivilbuck_sorted_merged_md_sorted.bam.bai:md5,35373ec0e388ae91025a4eec9897434e"
                ]
            ],
            [
                [
                    {
                        "groupSize": 1,
                        "groupTarget": {
                            "id": "slowlycivilbuck",
                            "sample": "slowlycivilbuck",
                            "single_end": false,
                            "num_lanes": 1,
                            "read_group": "'@RG\\tID:slowlycivilbuck\\tPL:illumina\\tSM:slowlycivilbuck'",
                            "sex": 2,
                            "phenotype": 1,
                            "paternal": 0,
                            "maternal": 0,
                            "case_id": "justhusky"
                        }
                    },
                    "427b5e476d84c5277d2d24210800ad60",
                    "slowlycivilbuck_sorted_merged_md_sorted_shifted.bam.bai:md5,6c663c5661749b25782ac78a3ba1f242"
                ]
            ],
            [
                "versions.yml:md5,04cb590a101237e8d8726039ee466819",
                "versions.yml:md5,210790d64830e81c512ff898e8d888db",
                "versions.yml:md5,3524532e0d268745c6d6c785bc7e734e",
                "versions.yml:md5,3cdf4ec614502fb38c2475c5475c3e0c",
                "versions.yml:md5,3efddfe43fdf9bf446e23d1526a3973a",
                "versions.yml:md5,6cbf152be76b9a14bb7eccb2658cabb3",
                "versions.yml:md5,6f9a56c7077343a78b6b2a9bb555631b",
                "versions.yml:md5,753dc9d8832a5f5a1e10237d78e157f2",
                "versions.yml:md5,7b799d18a80d6d144122cc97f83748c3",
                "versions.yml:md5,81cee5ff00c008209a5c6fb06ac57de5",
                "versions.yml:md5,81cee5ff00c008209a5c6fb06ac57de5",
                "versions.yml:md5,81cee5ff00c008209a5c6fb06ac57de5",
                "versions.yml:md5,87e7da5e82b70b42f06b30a245a5750e",
                "versions.yml:md5,914929705542ec69faf26ad6c672e2af",
                "versions.yml:md5,9c218b25dd02dc279b1ce6fad9ae182b",
                "versions.yml:md5,aef5efcb8852a854022d16b939b52d17",
                "versions.yml:md5,b1c46403177c797d5fc304eebf16731c",
                "versions.yml:md5,b511e8fd8c8b46c5470d3e3e79673502",
                "versions.yml:md5,b9749a7d836c638ad5deb0f8b208c7ec",
                "versions.yml:md5,c31eb465488334212645bd43296d8bd7",
                "versions.yml:md5,d19b223e2ea8c907b23c9b301c15f3fb",
                "versions.yml:md5,e092f50493ce9a5725381d53e24519d0",
                "versions.yml:md5,e8fa9e5b444276ecb6b7af4cb7a86247",
                "versions.yml:md5,f8dd98ba8455bb8d00379fba39cc9e65"
            ]
        ],
        "meta": {
            "nf-test": "0.9.2",
            "nextflow": "24.10.6"
        },
        "timestamp": "2025-05-23T15:59:18.726434076"
    }
}